PASS 1280-light Discover shows condition beside retained price
PASS 1280-light condition wraps without clipping — [{"text":"Income-restricted housing advertised at this address; confirm this off","left":654,"right":1196.6875,"width":1280,"extra":0}]
PASS 1280-light source/date control opens the scoped evidence
PASS 1280-light actual source day and offer uncertainty are accessible
PASS 1280-light safe source link is reachable
PASS 1280-light dossier evidence fits — [{"text":"Eligibility evidence Source, date & scopeCurrent source evidenceIncome","left":135,"right":1145,"width":1280,"extra":0}]
PASS 1280-light comparison separates annotated from unknown evidence
PASS 1280-light saved summary retains the condition
PASS 1280-light finalist retains condition
PASS 1280-light saved snapshot has exact annotation
PASS 1280-light reload preserves snapshot and save dates
PASS 1280-light export retains the exact saved record
PASS 1280-light separate empty profile imports exact snapshot
PASS 1280-light archived fixture keeps sourced condition
PASS 1280-light archived evidence retains its source day
PASS 1280-light archived evidence fits — [{"text":"Eligibility evidence Source, date & scopeSaved source evidenceIncome-r","left":135,"right":1145,"width":1280,"extra":0}]
PASS 1280-light neither isolated profile has page errors
PASS 1280-dark Discover shows condition beside retained price
PASS 1280-dark condition wraps without clipping — [{"text":"Income-restricted housing advertised at this address; confirm this off","left":654,"right":1196.6875,"width":1280,"extra":0}]
PASS 1280-dark source/date control opens the scoped evidence
PASS 1280-dark actual source day and offer uncertainty are accessible
PASS 1280-dark safe source link is reachable
PASS 1280-dark dossier evidence fits — [{"text":"Eligibility evidence Source, date & scopeCurrent source evidenceIncome","left":135,"right":1145,"width":1280,"extra":0}]
PASS 1280-dark comparison separates annotated from unknown evidence
PASS 1280-dark saved summary retains the condition
PASS 1280-dark finalist retains condition
PASS 1280-dark saved snapshot has exact annotation
PASS 1280-dark reload preserves snapshot and save dates
PASS 1280-dark export retains the exact saved record
PASS 1280-dark separate empty profile imports exact snapshot
PASS 1280-dark archived fixture keeps sourced condition
PASS 1280-dark archived evidence retains its source day
PASS 1280-dark archived evidence fits — [{"text":"Eligibility evidence Source, date & scopeSaved source evidenceIncome-r","left":135,"right":1145,"width":1280,"extra":0}]
PASS 1280-dark neither isolated profile has page errors
PASS 390-light Discover shows condition beside retained price
PASS 390-light condition wraps without clipping — [{"text":"Income-restricted housing advertised at this address; confirm this off","left":20,"right":370,"width":390,"extra":0}]
PASS 390-light source/date control opens the scoped evidence
PASS 390-light actual source day and offer uncertainty are accessible
PASS 390-light safe source link is reachable
PASS 390-light dossier evidence fits — [{"text":"Eligibility evidence Source, date & scopeCurrent source evidenceIncome","left":20,"right":370,"width":390,"extra":0}]
PASS 390-light comparison separates annotated from unknown evidence
PASS 390-light saved summary retains the condition
PASS 390-light finalist retains condition
PASS 390-light saved snapshot has exact annotation
PASS 390-light reload preserves snapshot and save dates
PASS 390-light export retains the exact saved record
PASS 390-light separate empty profile imports exact snapshot
PASS 390-light archived fixture keeps sourced condition
PASS 390-light archived evidence retains its source day
PASS 390-light archived evidence fits — [{"text":"Eligibility evidence Source, date & scopeSaved source evidenceIncome-r","left":20,"right":370,"width":390,"extra":0}]
PASS 390-light neither isolated profile has page errors
PASS 390-dark Discover shows condition beside retained price
PASS 390-dark condition wraps without clipping — [{"text":"Income-restricted housing advertised at this address; confirm this off","left":20,"right":370,"width":390,"extra":0}]
PASS 390-dark source/date control opens the scoped evidence
PASS 390-dark actual source day and offer uncertainty are accessible
PASS 390-dark safe source link is reachable
PASS 390-dark dossier evidence fits — [{"text":"Eligibility evidence Source, date & scopeCurrent source evidenceIncome","left":20,"right":370,"width":390,"extra":0}]
PASS 390-dark comparison separates annotated from unknown evidence
PASS 390-dark saved summary retains the condition
PASS 390-dark finalist retains condition
PASS 390-dark saved snapshot has exact annotation
PASS 390-dark reload preserves snapshot and save dates
PASS 390-dark export retains the exact saved record
PASS 390-dark separate empty profile imports exact snapshot
PASS 390-dark archived fixture keeps sourced condition
PASS 390-dark archived evidence retains its source day
PASS 390-dark archived evidence fits — [{"text":"Eligibility evidence Source, date & scopeSaved source evidenceIncome-r","left":20,"right":370,"width":390,"extra":0}]
PASS 390-dark neither isolated profile has page errors
PASS 320-light Discover shows condition beside retained price
PASS 320-light condition wraps without clipping — [{"text":"Income-restricted housing advertised at this address; confirm this off","left":16,"right":304,"width":320,"extra":0}]
PASS 320-light source/date control opens the scoped evidence
PASS 320-light actual source day and offer uncertainty are accessible
PASS 320-light safe source link is reachable
PASS 320-light dossier evidence fits — [{"text":"Eligibility evidence Source, date & scopeCurrent source evidenceIncome","left":16,"right":304,"width":320,"extra":0}]
PASS 320-light comparison separates annotated from unknown evidence
PASS 320-light saved summary retains the condition
PASS 320-light finalist retains condition
PASS 320-light saved snapshot has exact annotation
PASS 320-light reload preserves snapshot and save dates
PASS 320-light export retains the exact saved record
PASS 320-light separate empty profile imports exact snapshot
PASS 320-light archived fixture keeps sourced condition
PASS 320-light archived evidence retains its source day
PASS 320-light archived evidence fits — [{"text":"Eligibility evidence Source, date & scopeSaved source evidenceIncome-r","left":16,"right":304,"width":320,"extra":0}]
PASS 320-light neither isolated profile has page errors
PASS 320-dark Discover shows condition beside retained price
PASS 320-dark condition wraps without clipping — [{"text":"Income-restricted housing advertised at this address; confirm this off","left":16,"right":304,"width":320,"extra":0}]
PASS 320-dark source/date control opens the scoped evidence
PASS 320-dark actual source day and offer uncertainty are accessible
PASS 320-dark safe source link is reachable
PASS 320-dark dossier evidence fits — [{"text":"Eligibility evidence Source, date & scopeCurrent source evidenceIncome","left":16,"right":304,"width":320,"extra":0}]
PASS 320-dark comparison separates annotated from unknown evidence
PASS 320-dark saved summary retains the condition
PASS 320-dark finalist retains condition
PASS 320-dark saved snapshot has exact annotation
PASS 320-dark reload preserves snapshot and save dates
PASS 320-dark export retains the exact saved record
PASS 320-dark separate empty profile imports exact snapshot
PASS 320-dark archived fixture keeps sourced condition
PASS 320-dark archived evidence retains its source day
PASS 320-dark archived evidence fits — [{"text":"Eligibility evidence Source, date & scopeSaved source evidenceIncome-r","left":16,"right":304,"width":320,"extra":0}]
PASS 320-dark neither isolated profile has page errors
102/102 passed
