PASS 1280-light original snapshot contains synthetic A
PASS 1280-light current B is retained separately from A
FAIL 1280-light archived notes retain B and its original recording time
AssertionError [ERR_ASSERTION]: 1280-light archived notes retain B and its original recording time
    at check (file:///workspace/scratch/dfd42b0167d5/SpicyHome/tools/eligibility_check.mjs:38:3)
    at archivedUpdateJourney (file:///workspace/scratch/dfd42b0167d5/SpicyHome/tools/eligibility_check.mjs:124:3)
    at async file:///workspace/scratch/dfd42b0167d5/SpicyHome/tools/eligibility_check.mjs:167:30 {
  generatedMessage: false,
  code: 'ERR_ASSERTION',
  actual: false,
  expected: true,
  operator: '==',
  diff: 'simple'
}
PASS 320-dark original snapshot contains synthetic A
PASS 320-dark current B is retained separately from A
FAIL 320-dark archived notes retain B and its original recording time
AssertionError [ERR_ASSERTION]: 320-dark archived notes retain B and its original recording time
    at check (file:///workspace/scratch/dfd42b0167d5/SpicyHome/tools/eligibility_check.mjs:38:3)
    at archivedUpdateJourney (file:///workspace/scratch/dfd42b0167d5/SpicyHome/tools/eligibility_check.mjs:124:3)
    at async file:///workspace/scratch/dfd42b0167d5/SpicyHome/tools/eligibility_check.mjs:167:30 {
  generatedMessage: false,
  code: 'ERR_ASSERTION',
  actual: false,
  expected: true,
  operator: '==',
  diff: 'simple'
}
4/8 passed
